Archive member included to satisfy reference by file (symbol)

/home/jules/.platformio/packages/toolchain-gccarmnoneeabi/bin/../lib/gcc/arm-none-eabi/7.2.1/../../../../arm-none-eabi/lib/thumb/v7e-m/libc_nano.a(lib_a-exit.o)
                              /home/jules/.platformio/packages/toolchain-gccarmnoneeabi/bin/../lib/gcc/arm-none-eabi/7.2.1/../../../../arm-none-eabi/lib/thumb/v7e-m/crt0.o (exit)
/home/jules/.platformio/packages/toolchain-gccarmnoneeabi/bin/../lib/gcc/arm-none-eabi/7.2.1/../../../../arm-none-eabi/lib/thumb/v7e-m/libc_nano.a(lib_a-impure.o)
                              /home/jules/.platformio/packages/toolchain-gccarmnoneeabi/bin/../lib/gcc/arm-none-eabi/7.2.1/../../../../arm-none-eabi/lib/thumb/v7e-m/libc_nano.a(lib_a-exit.o) (_global_impure_ptr)
/home/jules/.platformio/packages/toolchain-gccarmnoneeabi/bin/../lib/gcc/arm-none-eabi/7.2.1/../../../../arm-none-eabi/lib/thumb/v7e-m/libc_nano.a(lib_a-init.o)
                              /home/jules/.platformio/packages/toolchain-gccarmnoneeabi/bin/../lib/gcc/arm-none-eabi/7.2.1/../../../../arm-none-eabi/lib/thumb/v7e-m/crt0.o (__libc_init_array)
/home/jules/.platformio/packages/toolchain-gccarmnoneeabi/bin/../lib/gcc/arm-none-eabi/7.2.1/../../../../arm-none-eabi/lib/thumb/v7e-m/libc_nano.a(lib_a-memset.o)
                              /home/jules/.platformio/packages/toolchain-gccarmnoneeabi/bin/../lib/gcc/arm-none-eabi/7.2.1/../../../../arm-none-eabi/lib/thumb/v7e-m/crt0.o (memset)
/home/jules/.platformio/packages/toolchain-gccarmnoneeabi/bin/../lib/gcc/arm-none-eabi/7.2.1/thumb/v7e-m/libgcc.a(_aeabi_ldivmod.o)
                              .pio/build/disco_f469ni/FrameworkHALDriver/Src/stm32f4xx_hal_irda.o (__aeabi_ldivmod)
/home/jules/.platformio/packages/toolchain-gccarmnoneeabi/bin/../lib/gcc/arm-none-eabi/7.2.1/thumb/v7e-m/libgcc.a(_aeabi_uldivmod.o)
                              .pio/build/disco_f469ni/FrameworkHALDriver/Src/stm32f4xx_hal_irda.o (__aeabi_uldivmod)
/home/jules/.platformio/packages/toolchain-gccarmnoneeabi/bin/../lib/gcc/arm-none-eabi/7.2.1/thumb/v7e-m/libgcc.a(_udivmoddi4.o)
                              /home/jules/.platformio/packages/toolchain-gccarmnoneeabi/bin/../lib/gcc/arm-none-eabi/7.2.1/thumb/v7e-m/libgcc.a(_aeabi_ldivmod.o) (__udivmoddi4)
/home/jules/.platformio/packages/toolchain-gccarmnoneeabi/bin/../lib/gcc/arm-none-eabi/7.2.1/thumb/v7e-m/libgcc.a(_dvmd_tls.o)
                              /home/jules/.platformio/packages/toolchain-gccarmnoneeabi/bin/../lib/gcc/arm-none-eabi/7.2.1/thumb/v7e-m/libgcc.a(_aeabi_ldivmod.o) (__aeabi_ldiv0)
/home/jules/.platformio/packages/toolchain-gccarmnoneeabi/bin/../lib/gcc/arm-none-eabi/7.2.1/../../../../arm-none-eabi/lib/thumb/v7e-m/libnosys.a(_exit.o)
                              /home/jules/.platformio/packages/toolchain-gccarmnoneeabi/bin/../lib/gcc/arm-none-eabi/7.2.1/../../../../arm-none-eabi/lib/thumb/v7e-m/libc_nano.a(lib_a-exit.o) (_exit)
.pio/build/disco_f469ni/libFrameworkCMSISDevice.a(startup_stm32f469xx.o)
                              (Reset_Handler)
.pio/build/disco_f469ni/libFrameworkCMSISDevice.a(system_stm32f4xx.o)
                              .pio/build/disco_f469ni/libFrameworkCMSISDevice.a(startup_stm32f469xx.o) (SystemInit)

Allocating common symbols
Common symbol       size              file

JumpAddress         0x4               .pio/build/disco_f469ni/src/main.o
uwTick              0x4               .pio/build/disco_f469ni/FrameworkHALDriver/Src/stm32f4xx_hal.o
pFlash              0x20              .pio/build/disco_f469ni/FrameworkHALDriver/Src/stm32f4xx_hal_flash.o
JumpToApplication   0x4               .pio/build/disco_f469ni/src/main.o

Discarded input sections

 .text          0x0000000000000000        0x0 /home/jules/.platformio/packages/toolchain-gccarmnoneeabi/bin/../lib/gcc/arm-none-eabi/7.2.1/thumb/v7e-m/crti.o
 .data          0x0000000000000000        0x0 /home/jules/.platformio/packages/toolchain-gccarmnoneeabi/bin/../lib/gcc/arm-none-eabi/7.2.1/thumb/v7e-m/crti.o
 .bss           0x0000000000000000        0x0 /home/jules/.platformio/packages/toolchain-gccarmnoneeabi/bin/../lib/gcc/arm-none-eabi/7.2.1/thumb/v7e-m/crti.o
 .text          0x0000000000000000       0x40 /home/jules/.platformio/packages/toolchain-gccarmnoneeabi/bin/../lib/gcc/arm-none-eabi/7.2.1/thumb/v7e-m/crtbegin.o
 .data          0x0000000000000000        0x4 /home/jules/.platformio/packages/toolchain-gccarmnoneeabi/bin/../lib/gcc/arm-none-eabi/7.2.1/thumb/v7e-m/crtbegin.o
 .bss           0x0000000000000000       0x1c /home/jules/.platformio/packages/toolchain-gccarmnoneeabi/bin/../lib/gcc/arm-none-eabi/7.2.1/thumb/v7e-m/crtbegin.o
 .init_array    0x0000000000000000        0x4 /home/jules/.platformio/packages/toolchain-gccarmnoneeabi/bin/../lib/gcc/arm-none-eabi/7.2.1/thumb/v7e-m/crtbegin.o
 .fini_array    0x0000000000000000        0x4 /home/jules/.platformio/packages/toolchain-gccarmnoneeabi/bin/../lib/gcc/arm-none-eabi/7.2.1/thumb/v7e-m/crtbegin.o
[...]
Memory Configuration

Name             Origin             Length             Attributes
FLASH            0x0000000008000000 0x0000000000004000 xr
RAM              0x0000000020000000 0x0000000000050000 xrw
*default*        0x0000000000000000 0xffffffffffffffff

Linker script and memory map

LOAD /home/jules/.platformio/packages/toolchain-gccarmnoneeabi/bin/../lib/gcc/arm-none-eabi/7.2.1/thumb/v7e-m/crti.o
LOAD /home/jules/.platformio/packages/toolchain-gccarmnoneeabi/bin/../lib/gcc/arm-none-eabi/7.2.1/thumb/v7e-m/crtbegin.o
LOAD /home/jules/.platformio/packages/toolchain-gccarmnoneeabi/bin/../lib/gcc/arm-none-eabi/7.2.1/../../../../arm-none-eabi/lib/thumb/v7e-m/crt0.o
LOAD .pio/build/disco_f469ni/FrameworkHALDriver/Src/stm32f4xx_hal.o
LOAD .pio/build/disco_f469ni/FrameworkHALDriver/Src/stm32f4xx_hal_adc.o
LOAD .pio/build/disco_f469ni/FrameworkHALDriver/Src/stm32f4xx_hal_adc_ex.o
LOAD .pio/build/disco_f469ni/FrameworkHALDriver/Src/stm32f4xx_hal_can.o
LOAD .pio/build/disco_f469ni/FrameworkHALDriver/Src/stm32f4xx_hal_cec.o
LOAD .pio/build/disco_f469ni/FrameworkHALDriver/Src/stm32f4xx_hal_cortex.o
LOAD .pio/build/disco_f469ni/FrameworkHALDriver/Src/stm32f4xx_hal_crc.o
LOAD .pio/build/disco_f469ni/FrameworkHALDriver/Src/stm32f4xx_hal_cryp.o
LOAD .pio/build/disco_f469ni/FrameworkHALDriver/Src/stm32f4xx_hal_cryp_ex.o
LOAD .pio/build/disco_f469ni/FrameworkHALDriver/Src/stm32f4xx_hal_dac.o
LOAD .pio/build/disco_f469ni/FrameworkHALDriver/Src/stm32f4xx_hal_dac_ex.o
LOAD .pio/build/disco_f469ni/FrameworkHALDriver/Src/stm32f4xx_hal_dcmi.o
LOAD .pio/build/disco_f469ni/FrameworkHALDriver/Src/stm32f4xx_hal_dcmi_ex.o
LOAD .pio/build/disco_f469ni/FrameworkHALDriver/Src/stm32f4xx_hal_dfsdm.o
LOAD .pio/build/disco_f469ni/FrameworkHALDriver/Src/stm32f4xx_hal_dma.o
LOAD .pio/build/disco_f469ni/FrameworkHALDriver/Src/stm32f4xx_hal_dma2d.o
LOAD .pio/build/disco_f469ni/FrameworkHALDriver/Src/stm32f4xx_hal_dma_ex.o
LOAD .pio/build/disco_f469ni/FrameworkHALDriver/Src/stm32f4xx_hal_dsi.o
LOAD .pio/build/disco_f469ni/FrameworkHALDriver/Src/stm32f4xx_hal_eth.o
LOAD .pio/build/disco_f469ni/FrameworkHALDriver/Src/stm32f4xx_hal_exti.o
LOAD .pio/build/disco_f469ni/FrameworkHALDriver/Src/stm32f4xx_hal_flash.o
LOAD .pio/build/disco_f469ni/FrameworkHALDriver/Src/stm32f4xx_hal_flash_ex.o
LOAD .pio/build/disco_f469ni/FrameworkHALDriver/Src/stm32f4xx_hal_flash_ramfunc.o
LOAD .pio/build/disco_f469ni/FrameworkHALDriver/Src/stm32f4xx_hal_fmpi2c.o
LOAD .pio/build/disco_f469ni/FrameworkHALDriver/Src/stm32f4xx_hal_fmpi2c_ex.o
LOAD .pio/build/disco_f469ni/FrameworkHALDriver/Src/stm32f4xx_hal_fmpsmbus.o
LOAD .pio/build/disco_f469ni/FrameworkHALDriver/Src/stm32f4xx_hal_fmpsmbus_ex.o
LOAD .pio/build/disco_f469ni/FrameworkHALDriver/Src/stm32f4xx_hal_gpio.o
LOAD .pio/build/disco_f469ni/FrameworkHALDriver/Src/stm32f4xx_hal_hash.o
LOAD .pio/build/disco_f469ni/FrameworkHALDriver/Src/stm32f4xx_hal_hash_ex.o
LOAD .pio/build/disco_f469ni/FrameworkHALDriver/Src/stm32f4xx_hal_hcd.o
LOAD .pio/build/disco_f469ni/FrameworkHALDriver/Src/stm32f4xx_hal_i2c.o
LOAD .pio/build/disco_f469ni/FrameworkHALDriver/Src/stm32f4xx_hal_i2c_ex.o
LOAD .pio/build/disco_f469ni/FrameworkHALDriver/Src/stm32f4xx_hal_i2s.o
LOAD .pio/build/disco_f469ni/FrameworkHALDriver/Src/stm32f4xx_hal_i2s_ex.o
LOAD .pio/build/disco_f469ni/FrameworkHALDriver/Src/stm32f4xx_hal_irda.o
LOAD .pio/build/disco_f469ni/FrameworkHALDriver/Src/stm32f4xx_hal_iwdg.o
LOAD .pio/build/disco_f469ni/FrameworkHALDriver/Src/stm32f4xx_hal_lptim.o
LOAD .pio/build/disco_f469ni/FrameworkHALDriver/Src/stm32f4xx_hal_ltdc.o
LOAD .pio/build/disco_f469ni/FrameworkHALDriver/Src/stm32f4xx_hal_ltdc_ex.o
LOAD .pio/build/disco_f469ni/FrameworkHALDriver/Src/stm32f4xx_hal_mmc.o
LOAD .pio/build/disco_f469ni/FrameworkHALDriver/Src/stm32f4xx_hal_nand.o
LOAD .pio/build/disco_f469ni/FrameworkHALDriver/Src/stm32f4xx_hal_nor.o
LOAD .pio/build/disco_f469ni/FrameworkHALDriver/Src/stm32f4xx_hal_pccard.o
LOAD .pio/build/disco_f469ni/FrameworkHALDriver/Src/stm32f4xx_hal_pcd.o
LOAD .pio/build/disco_f469ni/FrameworkHALDriver/Src/stm32f4xx_hal_pcd_ex.o
LOAD .pio/build/disco_f469ni/FrameworkHALDriver/Src/stm32f4xx_hal_pwr.o
LOAD .pio/build/disco_f469ni/FrameworkHALDriver/Src/stm32f4xx_hal_pwr_ex.o
LOAD .pio/build/disco_f469ni/FrameworkHALDriver/Src/stm32f4xx_hal_qspi.o
LOAD .pio/build/disco_f469ni/FrameworkHALDriver/Src/stm32f4xx_hal_rcc.o
LOAD .pio/build/disco_f469ni/FrameworkHALDriver/Src/stm32f4xx_hal_rcc_ex.o
LOAD .pio/build/disco_f469ni/FrameworkHALDriver/Src/stm32f4xx_hal_rng.o
LOAD .pio/build/disco_f469ni/FrameworkHALDriver/Src/stm32f4xx_hal_rtc.o
LOAD .pio/build/disco_f469ni/FrameworkHALDriver/Src/stm32f4xx_hal_rtc_ex.o
LOAD .pio/build/disco_f469ni/FrameworkHALDriver/Src/stm32f4xx_hal_sai.o
LOAD .pio/build/disco_f469ni/FrameworkHALDriver/Src/stm32f4xx_hal_sai_ex.o
LOAD .pio/build/disco_f469ni/FrameworkHALDriver/Src/stm32f4xx_hal_sd.o
LOAD .pio/build/disco_f469ni/FrameworkHALDriver/Src/stm32f4xx_hal_sdram.o
LOAD .pio/build/disco_f469ni/FrameworkHALDriver/Src/stm32f4xx_hal_smartcard.o
LOAD .pio/build/disco_f469ni/FrameworkHALDriver/Src/stm32f4xx_hal_smbus.o
LOAD .pio/build/disco_f469ni/FrameworkHALDriver/Src/stm32f4xx_hal_spdifrx.o
LOAD .pio/build/disco_f469ni/FrameworkHALDriver/Src/stm32f4xx_hal_spi.o
LOAD .pio/build/disco_f469ni/FrameworkHALDriver/Src/stm32f4xx_hal_sram.o
LOAD .pio/build/disco_f469ni/FrameworkHALDriver/Src/stm32f4xx_hal_tim.o
LOAD .pio/build/disco_f469ni/FrameworkHALDriver/Src/stm32f4xx_hal_tim_ex.o
LOAD .pio/build/disco_f469ni/FrameworkHALDriver/Src/stm32f4xx_hal_uart.o
LOAD .pio/build/disco_f469ni/FrameworkHALDriver/Src/stm32f4xx_hal_usart.o
LOAD .pio/build/disco_f469ni/FrameworkHALDriver/Src/stm32f4xx_hal_wwdg.o
LOAD .pio/build/disco_f469ni/FrameworkHALDriver/Src/stm32f4xx_ll_adc.o
LOAD .pio/build/disco_f469ni/FrameworkHALDriver/Src/stm32f4xx_ll_crc.o
LOAD .pio/build/disco_f469ni/FrameworkHALDriver/Src/stm32f4xx_ll_dac.o
LOAD .pio/build/disco_f469ni/FrameworkHALDriver/Src/stm32f4xx_ll_dma.o
LOAD .pio/build/disco_f469ni/FrameworkHALDriver/Src/stm32f4xx_ll_dma2d.o
LOAD .pio/build/disco_f469ni/FrameworkHALDriver/Src/stm32f4xx_ll_exti.o
LOAD .pio/build/disco_f469ni/FrameworkHALDriver/Src/stm32f4xx_ll_fmc.o
LOAD .pio/build/disco_f469ni/FrameworkHALDriver/Src/stm32f4xx_ll_fmpi2c.o
LOAD .pio/build/disco_f469ni/FrameworkHALDriver/Src/stm32f4xx_ll_fsmc.o
LOAD .pio/build/disco_f469ni/FrameworkHALDriver/Src/stm32f4xx_ll_gpio.o
LOAD .pio/build/disco_f469ni/FrameworkHALDriver/Src/stm32f4xx_ll_i2c.o
LOAD .pio/build/disco_f469ni/FrameworkHALDriver/Src/stm32f4xx_ll_lptim.o
LOAD .pio/build/disco_f469ni/FrameworkHALDriver/Src/stm32f4xx_ll_pwr.o
LOAD .pio/build/disco_f469ni/FrameworkHALDriver/Src/stm32f4xx_ll_rcc.o
LOAD .pio/build/disco_f469ni/FrameworkHALDriver/Src/stm32f4xx_ll_rng.o
LOAD .pio/build/disco_f469ni/FrameworkHALDriver/Src/stm32f4xx_ll_rtc.o
LOAD .pio/build/disco_f469ni/FrameworkHALDriver/Src/stm32f4xx_ll_sdmmc.o
LOAD .pio/build/disco_f469ni/FrameworkHALDriver/Src/stm32f4xx_ll_spi.o
LOAD .pio/build/disco_f469ni/FrameworkHALDriver/Src/stm32f4xx_ll_tim.o
LOAD .pio/build/disco_f469ni/FrameworkHALDriver/Src/stm32f4xx_ll_usart.o
LOAD .pio/build/disco_f469ni/FrameworkHALDriver/Src/stm32f4xx_ll_usb.o
LOAD .pio/build/disco_f469ni/FrameworkHALDriver/Src/stm32f4xx_ll_utils.o
LOAD .pio/build/disco_f469ni/src/main.o
START GROUP
LOAD /home/jules/.platformio/packages/toolchain-gccarmnoneeabi/bin/../lib/gcc/arm-none-eabi/7.2.1/../../../../arm-none-eabi/lib/thumb/v7e-m/libc_nano.a
LOAD /home/jules/.platformio/packages/toolchain-gccarmnoneeabi/bin/../lib/gcc/arm-none-eabi/7.2.1/thumb/v7e-m/libgcc.a
LOAD /home/jules/.platformio/packages/toolchain-gccarmnoneeabi/bin/../lib/gcc/arm-none-eabi/7.2.1/../../../../arm-none-eabi/lib/thumb/v7e-m/libm.a
LOAD /home/jules/.platformio/packages/toolchain-gccarmnoneeabi/bin/../lib/gcc/arm-none-eabi/7.2.1/../../../../arm-none-eabi/lib/thumb/v7e-m/libstdc++_nano.a
LOAD /home/jules/.platformio/packages/toolchain-gccarmnoneeabi/bin/../lib/gcc/arm-none-eabi/7.2.1/../../../../arm-none-eabi/lib/thumb/v7e-m/libnosys.a
LOAD .pio/build/disco_f469ni/libFrameworkCMSISDevice.a
END GROUP
START GROUP
LOAD /home/jules/.platformio/packages/toolchain-gccarmnoneeabi/bin/../lib/gcc/arm-none-eabi/7.2.1/thumb/v7e-m/libgcc.a
LOAD /home/jules/.platformio/packages/toolchain-gccarmnoneeabi/bin/../lib/gcc/arm-none-eabi/7.2.1/../../../../arm-none-eabi/lib/thumb/v7e-m/libc_nano.a
END GROUP
START GROUP
LOAD /home/jules/.platformio/packages/toolchain-gccarmnoneeabi/bin/../lib/gcc/arm-none-eabi/7.2.1/thumb/v7e-m/libgcc.a
LOAD /home/jules/.platformio/packages/toolchain-gccarmnoneeabi/bin/../lib/gcc/arm-none-eabi/7.2.1/../../../../arm-none-eabi/lib/thumb/v7e-m/libc_nano.a
LOAD /home/jules/.platformio/packages/toolchain-gccarmnoneeabi/bin/../lib/gcc/arm-none-eabi/7.2.1/../../../../arm-none-eabi/lib/thumb/v7e-m/libnosys.a
END GROUP
START GROUP
LOAD /home/jules/.platformio/packages/toolchain-gccarmnoneeabi/bin/../lib/gcc/arm-none-eabi/7.2.1/thumb/v7e-m/libgcc.a
LOAD /home/jules/.platformio/packages/toolchain-gccarmnoneeabi/bin/../lib/gcc/arm-none-eabi/7.2.1/../../../../arm-none-eabi/lib/thumb/v7e-m/libc_nano.a
LOAD /home/jules/.platformio/packages/toolchain-gccarmnoneeabi/bin/../lib/gcc/arm-none-eabi/7.2.1/../../../../arm-none-eabi/lib/thumb/v7e-m/libnosys.a
END GROUP
LOAD /home/jules/.platformio/packages/toolchain-gccarmnoneeabi/bin/../lib/gcc/arm-none-eabi/7.2.1/thumb/v7e-m/crtend.o
LOAD /home/jules/.platformio/packages/toolchain-gccarmnoneeabi/bin/../lib/gcc/arm-none-eabi/7.2.1/thumb/v7e-m/crtn.o
                0x0000000020050000                _estack = 0x20050000

.isr_vector     0x0000000008000000      0x1b4
                0x0000000008000000                . = ALIGN (0x4)
 *(.isr_vector)
 .isr_vector    0x0000000008000000      0x1b4 .pio/build/disco_f469ni/libFrameworkCMSISDevice.a(startup_stm32f469xx.o)
                0x0000000008000000                g_pfnVectors
                0x00000000080001b4                . = ALIGN (0x4)

.text           0x00000000080001b4      0xf90
                0x00000000080001b4                . = ALIGN (0x4)
 *(.text)
 .text          0x00000000080001b4       0x30 /home/jules/.platformio/packages/toolchain-gccarmnoneeabi/bin/../lib/gcc/arm-none-eabi/7.2.1/thumb/v7e-m/libgcc.a(_aeabi_uldivmod.o)
                0x00000000080001b4                __aeabi_uldivmod
 .text          0x00000000080001e4      0x2cc /home/jules/.platformio/packages/toolchain-gccarmnoneeabi/bin/../lib/gcc/arm-none-eabi/7.2.1/thumb/v7e-m/libgcc.a(_udivmoddi4.o)
                0x00000000080001e4                __udivmoddi4
 .text          0x00000000080004b0        0x4 /home/jules/.platformio/packages/toolchain-gccarmnoneeabi/bin/../lib/gcc/arm-none-eabi/7.2.1/thumb/v7e-m/libgcc.a(_dvmd_tls.o)
                0x00000000080004b0                __aeabi_ldiv0
                0x00000000080004b0                __aeabi_idiv0
 *(.text*)
 .text.HAL_MspInit
                0x00000000080004b4        0x2 .pio/build/disco_f469ni/FrameworkHALDriver/Src/stm32f4xx_hal.o
                0x00000000080004b4                HAL_MspInit
 .text.HAL_MspDeInit
                0x00000000080004b6        0x2 .pio/build/disco_f469ni/FrameworkHALDriver/Src/stm32f4xx_hal.o
                0x00000000080004b6                HAL_MspDeInit
 .text.HAL_DeInit
                0x00000000080004b8       0x3c .pio/build/disco_f469ni/FrameworkHALDriver/Src/stm32f4xx_hal.o
                0x00000000080004b8                HAL_DeInit
 .text.HAL_InitTick
                0x00000000080004f4       0x48 .pio/build/disco_f469ni/FrameworkHALDriver/Src/stm32f4xx_hal.o
                0x00000000080004f4                HAL_InitTick
 .text.HAL_Init
                0x000000000800053c       0x34 .pio/build/disco_f469ni/FrameworkHALDriver/Src/stm32f4xx_hal.o
                0x000000000800053c                HAL_Init
 .text.HAL_IncTick
                0x0000000008000570       0x18 .pio/build/disco_f469ni/FrameworkHALDriver/Src/stm32f4xx_hal.o
                0x0000000008000570                HAL_IncTick
 .text.HAL_GetTick
                0x0000000008000588        0xc .pio/build/disco_f469ni/FrameworkHALDriver/Src/stm32f4xx_hal.o
                0x0000000008000588                HAL_GetTick
 .text.HAL_Delay
                0x0000000008000594       0x28 .pio/build/disco_f469ni/FrameworkHALDriver/Src/stm32f4xx_hal.o
                0x0000000008000594                HAL_Delay
 .text.HAL_NVIC_SetPriorityGrouping
                0x00000000080005bc       0x24 .pio/build/disco_f469ni/FrameworkHALDriver/Src/stm32f4xx_hal_cortex.o
                0x00000000080005bc                HAL_NVIC_SetPriorityGrouping
 .text.HAL_NVIC_SetPriority
                0x00000000080005e0       0x68 .pio/build/disco_f469ni/FrameworkHALDriver/Src/stm32f4xx_hal_cortex.o
                0x00000000080005e0                HAL_NVIC_SetPriority
 .text.HAL_SYSTICK_Config
                0x0000000008000648       0x2c .pio/build/disco_f469ni/FrameworkHALDriver/Src/stm32f4xx_hal_cortex.o
                0x0000000008000648                HAL_SYSTICK_Config
 .text.HAL_GPIO_Init
                0x0000000008000674      0x1ec .pio/build/disco_f469ni/FrameworkHALDriver/Src/stm32f4xx_hal_gpio.o
                0x0000000008000674                HAL_GPIO_Init
 .text.HAL_GPIO_TogglePin
                0x0000000008000860       0x12 .pio/build/disco_f469ni/FrameworkHALDriver/Src/stm32f4xx_hal_gpio.o
                0x0000000008000860                HAL_GPIO_TogglePin
 *fill*         0x0000000008000872        0x2
 .text.HAL_PWREx_EnableOverDrive
                0x0000000008000874       0x78 .pio/build/disco_f469ni/FrameworkHALDriver/Src/stm32f4xx_hal_pwr_ex.o
                0x0000000008000874                HAL_PWREx_EnableOverDrive
 .text.HAL_RCC_GetSysClockFreq
                0x00000000080008ec       0x5c .pio/build/disco_f469ni/FrameworkHALDriver/Src/stm32f4xx_hal_rcc.o
                0x00000000080008ec                HAL_RCC_GetSysClockFreq
 .text.HAL_RCC_ClockConfig
                0x0000000008000948      0x134 .pio/build/disco_f469ni/FrameworkHALDriver/Src/stm32f4xx_hal_rcc.o
                0x0000000008000948                HAL_RCC_ClockConfig
 .text.HAL_RCC_DeInit
                0x0000000008000a7c      0x154 .pio/build/disco_f469ni/FrameworkHALDriver/Src/stm32f4xx_hal_rcc_ex.o
                0x0000000008000a7c                HAL_RCC_DeInit
 .text.HAL_RCC_OscConfig
                0x0000000008000bd0      0x368 .pio/build/disco_f469ni/FrameworkHALDriver/Src/stm32f4xx_hal_rcc_ex.o
                0x0000000008000bd0                HAL_RCC_OscConfig
 .text.SystemClock_Config
                0x0000000008000f38       0x9c .pio/build/disco_f469ni/src/main.o
                0x0000000008000f38                SystemClock_Config
 .text.startup.main
                0x0000000008000fd4       0xa8 .pio/build/disco_f469ni/src/main.o
                0x0000000008000fd4                main
 .text.SysTick_Handler
                0x000000000800107c        0x4 .pio/build/disco_f469ni/src/main.o
                0x000000000800107c                SysTick_Handler
 .text.__libc_init_array
                0x0000000008001080       0x48 /home/jules/.platformio/packages/toolchain-gccarmnoneeabi/bin/../lib/gcc/arm-none-eabi/7.2.1/../../../../arm-none-eabi/lib/thumb/v7e-m/libc_nano.a(lib_a-init.o)
                0x0000000008001080                __libc_init_array
 .text.memset   0x00000000080010c8       0x10 /home/jules/.platformio/packages/toolchain-gccarmnoneeabi/bin/../lib/gcc/arm-none-eabi/7.2.1/../../../../arm-none-eabi/lib/thumb/v7e-m/libc_nano.a(lib_a-memset.o)
                0x00000000080010c8                memset
 .text.Reset_Handler
                0x00000000080010d8       0x50 .pio/build/disco_f469ni/libFrameworkCMSISDevice.a(startup_stm32f469xx.o)
                0x00000000080010d8                Reset_Handler
 .text.Default_Handler
                0x0000000008001128        0x2 .pio/build/disco_f469ni/libFrameworkCMSISDevice.a(startup_stm32f469xx.o)
                0x0000000008001128                RTC_Alarm_IRQHandler
                0x0000000008001128                HASH_RNG_IRQHandler
                0x0000000008001128                EXTI2_IRQHandler
                0x0000000008001128                TIM8_CC_IRQHandler
                0x0000000008001128                DebugMon_Handler
                0x0000000008001128                UART8_IRQHandler
                0x0000000008001128                SPI4_IRQHandler
                0x0000000008001128                TIM1_CC_IRQHandler
                0x0000000008001128                DMA2_Stream5_IRQHandler
                0x0000000008001128                HardFault_Handler
                0x0000000008001128                DMA1_Stream5_IRQHandler
                0x0000000008001128                PVD_IRQHandler
                0x0000000008001128                SDIO_IRQHandler
                0x0000000008001128                TAMP_STAMP_IRQHandler
                0x0000000008001128                PendSV_Handler
                0x0000000008001128                NMI_Handler
                0x0000000008001128                CAN2_RX1_IRQHandler
                0x0000000008001128                EXTI3_IRQHandler
                0x0000000008001128                TIM8_TRG_COM_TIM14_IRQHandler
                0x0000000008001128                TIM1_UP_TIM10_IRQHandler
                0x0000000008001128                TIM8_UP_TIM13_IRQHandler
                0x0000000008001128                I2C3_ER_IRQHandler
                0x0000000008001128                EXTI0_IRQHandler
                0x0000000008001128                I2C2_EV_IRQHandler
                0x0000000008001128                DMA1_Stream2_IRQHandler
                0x0000000008001128                CAN1_RX0_IRQHandler
                0x0000000008001128                FPU_IRQHandler
                0x0000000008001128                OTG_HS_WKUP_IRQHandler
                0x0000000008001128                UsageFault_Handler
                0x0000000008001128                LTDC_ER_IRQHandler
                0x0000000008001128                CAN2_SCE_IRQHandler
                0x0000000008001128                DMA2_Stream2_IRQHandler
                0x0000000008001128                SPI1_IRQHandler
                0x0000000008001128                TIM6_DAC_IRQHandler
                0x0000000008001128                TIM1_BRK_TIM9_IRQHandler
                0x0000000008001128                DCMI_IRQHandler
                0x0000000008001128                CAN2_RX0_IRQHandler
                0x0000000008001128                DMA2_Stream3_IRQHandler
                0x0000000008001128                USART6_IRQHandler
                0x0000000008001128                USART3_IRQHandler
                0x0000000008001128                CAN1_RX1_IRQHandler
                0x0000000008001128                UART5_IRQHandler
                0x0000000008001128                DMA2_Stream0_IRQHandler
                0x0000000008001128                TIM4_IRQHandler
                0x0000000008001128                QUADSPI_IRQHandler
                0x0000000008001128                I2C1_EV_IRQHandler
                0x0000000008001128                DMA1_Stream6_IRQHandler
                0x0000000008001128                DMA1_Stream1_IRQHandler
                0x0000000008001128                UART4_IRQHandler
                0x0000000008001128                TIM3_IRQHandler
                0x0000000008001128                RCC_IRQHandler
                0x0000000008001128                TIM8_BRK_TIM12_IRQHandler
                0x0000000008001128                Default_Handler
                0x0000000008001128                EXTI15_10_IRQHandler
                0x0000000008001128                ADC_IRQHandler
                0x0000000008001128                DMA1_Stream7_IRQHandler
                0x0000000008001128                SPI5_IRQHandler
                0x0000000008001128                TIM7_IRQHandler
                0x0000000008001128                CAN2_TX_IRQHandler
                0x0000000008001128                TIM5_IRQHandler
                0x0000000008001128                DMA2_Stream7_IRQHandler
                0x0000000008001128                I2C3_EV_IRQHandler
                0x0000000008001128                EXTI9_5_IRQHandler
                0x0000000008001128                RTC_WKUP_IRQHandler
                0x0000000008001128                LTDC_IRQHandler
                0x0000000008001128                ETH_WKUP_IRQHandler
                0x0000000008001128                SPI2_IRQHandler
                0x0000000008001128                OTG_HS_EP1_IN_IRQHandler
                0x0000000008001128                MemManage_Handler
                0x0000000008001128                DMA1_Stream0_IRQHandler
                0x0000000008001128                CAN1_TX_IRQHandler
                0x0000000008001128                SVC_Handler
                0x0000000008001128                EXTI4_IRQHandler
                0x0000000008001128                DSI_IRQHandler
                0x0000000008001128                ETH_IRQHandler
                0x0000000008001128                OTG_HS_EP1_OUT_IRQHandler
                0x0000000008001128                WWDG_IRQHandler
                0x0000000008001128                SPI6_IRQHandler
                0x0000000008001128                TIM2_IRQHandler
                0x0000000008001128                OTG_FS_WKUP_IRQHandler
                0x0000000008001128                TIM1_TRG_COM_TIM11_IRQHandler
                0x0000000008001128                OTG_HS_IRQHandler
                0x0000000008001128                DMA2D_IRQHandler
                0x0000000008001128                EXTI1_IRQHandler
                0x0000000008001128                UART7_IRQHandler
                0x0000000008001128                USART2_IRQHandler
                0x0000000008001128                I2C2_ER_IRQHandler
                0x0000000008001128                DMA2_Stream1_IRQHandler
                0x0000000008001128                CAN1_SCE_IRQHandler
                0x0000000008001128                FLASH_IRQHandler
                0x0000000008001128                DMA2_Stream4_IRQHandler
                0x0000000008001128                BusFault_Handler
                0x0000000008001128                USART1_IRQHandler
                0x0000000008001128                OTG_FS_IRQHandler
                0x0000000008001128                SPI3_IRQHandler
                0x0000000008001128                DMA1_Stream4_IRQHandler
                0x0000000008001128                I2C1_ER_IRQHandler
                0x0000000008001128                FMC_IRQHandler
                0x0000000008001128                DMA2_Stream6_IRQHandler
                0x0000000008001128                SAI1_IRQHandler
                0x0000000008001128                DMA1_Stream3_IRQHandler
 .text.SystemInit
                0x000000000800112a        0x2 .pio/build/disco_f469ni/libFrameworkCMSISDevice.a(system_stm32f4xx.o)
                0x000000000800112a                SystemInit
 *(.glue_7)
 .glue_7        0x000000000800112c        0x0 linker stubs
 *(.glue_7t)
 .glue_7t       0x000000000800112c        0x0 linker stubs
 *(.eh_frame)
 *(.init)
 .init          0x000000000800112c        0x4 /home/jules/.platformio/packages/toolchain-gccarmnoneeabi/bin/../lib/gcc/arm-none-eabi/7.2.1/thumb/v7e-m/crti.o
                0x000000000800112c                _init
 .init          0x0000000008001130        0x8 /home/jules/.platformio/packages/toolchain-gccarmnoneeabi/bin/../lib/gcc/arm-none-eabi/7.2.1/thumb/v7e-m/crtn.o
 *(.fini)
 .fini          0x0000000008001138        0x4 /home/jules/.platformio/packages/toolchain-gccarmnoneeabi/bin/../lib/gcc/arm-none-eabi/7.2.1/thumb/v7e-m/crti.o
                0x0000000008001138                _fini
 .fini          0x000000000800113c        0x8 /home/jules/.platformio/packages/toolchain-gccarmnoneeabi/bin/../lib/gcc/arm-none-eabi/7.2.1/thumb/v7e-m/crtn.o
                0x0000000008001144                . = ALIGN (0x4)
                0x0000000008001144                _etext = .

.vfp11_veneer   0x0000000008001144        0x0
 .vfp11_veneer  0x0000000008001144        0x0 linker stubs

.v4_bx          0x0000000008001144        0x0
 .v4_bx         0x0000000008001144        0x0 linker stubs

.iplt           0x0000000008001144        0x0
 .iplt          0x0000000008001144        0x0 .pio/build/disco_f469ni/FrameworkHALDriver/Src/stm32f4xx_hal.o

.rodata         0x0000000008001144       0x10
                0x0000000008001144                . = ALIGN (0x4)
 *(.rodata)
 *(.rodata*)
 .rodata.AHBPrescTable
                0x0000000008001144       0x10 .pio/build/disco_f469ni/libFrameworkCMSISDevice.a(system_stm32f4xx.o)
                0x0000000008001144                AHBPrescTable
                0x0000000008001154                . = ALIGN (0x4)

.ARM.exidx      0x0000000008001154        0x8
 .ARM.exidx     0x0000000008001154        0x8 /home/jules/.platformio/packages/toolchain-gccarmnoneeabi/bin/../lib/gcc/arm-none-eabi/7.2.1/thumb/v7e-m/libgcc.a(_udivmoddi4.o)

.rel.dyn        0x000000000800115c        0x0
 .rel.iplt      0x000000000800115c        0x0 .pio/build/disco_f469ni/FrameworkHALDriver/Src/stm32f4xx_hal.o

.data           0x0000000020000000        0xc load address 0x000000000800115c
                0x0000000020000000                . = ALIGN (0x4)
                0x0000000020000000                _sdata = .
 *(.data)
 *(.data*)
 .data.uwTickFreq
                0x0000000020000000        0x1 .pio/build/disco_f469ni/FrameworkHALDriver/Src/stm32f4xx_hal.o
                0x0000000020000000                uwTickFreq
 *fill*         0x0000000020000001        0x3
 .data.uwTickPrio
                0x0000000020000004        0x4 .pio/build/disco_f469ni/FrameworkHALDriver/Src/stm32f4xx_hal.o
                0x0000000020000004                uwTickPrio
 .data.SystemCoreClock
                0x0000000020000008        0x4 .pio/build/disco_f469ni/libFrameworkCMSISDevice.a(system_stm32f4xx.o)
                0x0000000020000008                SystemCoreClock
                0x000000002000000c                . = ALIGN (0x4)
                0x000000002000000c                _edata = .
                0x000000000800115c                _sidata = LOADADDR (.data)

.igot.plt       0x000000002000000c        0x0 load address 0x0000000008001168
 .igot.plt      0x000000002000000c        0x0 .pio/build/disco_f469ni/FrameworkHALDriver/Src/stm32f4xx_hal.o

.bss            0x000000002000000c        0xc load address 0x0000000008001168
                0x000000002000000c                . = ALIGN (0x4)
                0x000000002000000c                _sbss = .
                0x000000002000000c                __bss_start__ = _sbss
 *(.bss)
 *(.bss*)
 *(COMMON)
 COMMON         0x000000002000000c        0x4 .pio/build/disco_f469ni/FrameworkHALDriver/Src/stm32f4xx_hal.o
                0x000000002000000c                uwTick
 COMMON         0x0000000020000010        0x8 .pio/build/disco_f469ni/src/main.o
                0x0000000020000010                JumpAddress
                0x0000000020000014                JumpToApplication
                0x0000000020000018                . = ALIGN (0x4)
                0x0000000020000018                _ebss = .
                0x0000000020000018                __bss_end__ = _ebss

._user_heap_stack
                0x0000000020000018      0xc00 load address 0x0000000008001168
                0x0000000020000018                . = ALIGN (0x8)
                [!provide]                        PROVIDE (end, .)
                [!provide]                        PROVIDE (_end, .)
                0x0000000020000418                . = (. + 0x400)
 *fill*         0x0000000020000018      0x400
                0x0000000020000c18                . = (. + 0x800)
 *fill*         0x0000000020000418      0x800
                0x0000000020000c18                . = ALIGN (0x8)
OUTPUT(.pio/build/disco_f469ni/firmware.elf elf32-littlearm)

.ARM.attributes
                0x0000000000000000       0x2a
 .ARM.attributes
                0x0000000000000000       0x1e /home/jules/.platformio/packages/toolchain-gccarmnoneeabi/bin/../lib/gcc/arm-none-eabi/7.2.1/thumb/v7e-m/crti.o
 .ARM.attributes
                0x000000000000001e       0x33 .pio/build/disco_f469ni/FrameworkHALDriver/Src/stm32f4xx_hal.o
 .ARM.attributes
                0x0000000000000051       0x33 .pio/build/disco_f469ni/FrameworkHALDriver/Src/stm32f4xx_hal_cortex.o
 .ARM.attributes
                0x0000000000000084       0x33 .pio/build/disco_f469ni/FrameworkHALDriver/Src/stm32f4xx_hal_gpio.o
 .ARM.attributes
                0x00000000000000b7       0x33 .pio/build/disco_f469ni/FrameworkHALDriver/Src/stm32f4xx_hal_pwr_ex.o
 .ARM.attributes
                0x00000000000000ea       0x33 .pio/build/disco_f469ni/FrameworkHALDriver/Src/stm32f4xx_hal_rcc.o
 .ARM.attributes
                0x000000000000011d       0x33 .pio/build/disco_f469ni/FrameworkHALDriver/Src/stm32f4xx_hal_rcc_ex.o
 .ARM.attributes
                0x0000000000000150       0x33 .pio/build/disco_f469ni/src/main.o
 .ARM.attributes
                0x0000000000000183       0x2e /home/jules/.platformio/packages/toolchain-gccarmnoneeabi/bin/../lib/gcc/arm-none-eabi/7.2.1/../../../../arm-none-eabi/lib/thumb/v7e-m/libc_nano.a(lib_a-init.o)
 .ARM.attributes
                0x00000000000001b1       0x2e /home/jules/.platformio/packages/toolchain-gccarmnoneeabi/bin/../lib/gcc/arm-none-eabi/7.2.1/../../../../arm-none-eabi/lib/thumb/v7e-m/libc_nano.a(lib_a-memset.o)
 .ARM.attributes
                0x00000000000001df       0x1e /home/jules/.platformio/packages/toolchain-gccarmnoneeabi/bin/../lib/gcc/arm-none-eabi/7.2.1/thumb/v7e-m/libgcc.a(_aeabi_uldivmod.o)
 .ARM.attributes
                0x00000000000001fd       0x2e /home/jules/.platformio/packages/toolchain-gccarmnoneeabi/bin/../lib/gcc/arm-none-eabi/7.2.1/thumb/v7e-m/libgcc.a(_udivmoddi4.o)
 .ARM.attributes
                0x000000000000022b       0x1e /home/jules/.platformio/packages/toolchain-gccarmnoneeabi/bin/../lib/gcc/arm-none-eabi/7.2.1/thumb/v7e-m/libgcc.a(_dvmd_tls.o)
 .ARM.attributes
                0x0000000000000249       0x21 .pio/build/disco_f469ni/libFrameworkCMSISDevice.a(startup_stm32f469xx.o)
 .ARM.attributes
                0x000000000000026a       0x33 .pio/build/disco_f469ni/libFrameworkCMSISDevice.a(system_stm32f4xx.o)
 .ARM.attributes
                0x000000000000029d       0x1e /home/jules/.platformio/packages/toolchain-gccarmnoneeabi/bin/../lib/gcc/arm-none-eabi/7.2.1/thumb/v7e-m/crtn.o

.comment        0x0000000000000000       0x7e
 .comment       0x0000000000000000       0x7e .pio/build/disco_f469ni/FrameworkHALDriver/Src/stm32f4xx_hal.o
                                         0x7f (size before relaxing)
 .comment       0x000000000000007e       0x7f .pio/build/disco_f469ni/FrameworkHALDriver/Src/stm32f4xx_hal_cortex.o
 .comment       0x000000000000007e       0x7f .pio/build/disco_f469ni/FrameworkHALDriver/Src/stm32f4xx_hal_gpio.o
 .comment       0x000000000000007e       0x7f .pio/build/disco_f469ni/FrameworkHALDriver/Src/stm32f4xx_hal_pwr_ex.o
 .comment       0x000000000000007e       0x7f .pio/build/disco_f469ni/FrameworkHALDriver/Src/stm32f4xx_hal_rcc.o
 .comment       0x000000000000007e       0x7f .pio/build/disco_f469ni/FrameworkHALDriver/Src/stm32f4xx_hal_rcc_ex.o
 .comment       0x000000000000007e       0x7f .pio/build/disco_f469ni/src/main.o
 .comment       0x000000000000007e       0x7f .pio/build/disco_f469ni/libFrameworkCMSISDevice.a(system_stm32f4xx.o)

.debug_frame    0x0000000000000000       0xac
 .debug_frame   0x0000000000000000       0x2c /home/jules/.platformio/packages/toolchain-gccarmnoneeabi/bin/../lib/gcc/arm-none-eabi/7.2.1/../../../../arm-none-eabi/lib/thumb/v7e-m/libc_nano.a(lib_a-init.o)
 .debug_frame   0x000000000000002c       0x20 /home/jules/.platformio/packages/toolchain-gccarmnoneeabi/bin/../lib/gcc/arm-none-eabi/7.2.1/../../../../arm-none-eabi/lib/thumb/v7e-m/libc_nano.a(lib_a-memset.o)
 .debug_frame   0x000000000000004c       0x2c /home/jules/.platformio/packages/toolchain-gccarmnoneeabi/bin/../lib/gcc/arm-none-eabi/7.2.1/thumb/v7e-m/libgcc.a(_aeabi_uldivmod.o)
 .debug_frame   0x0000000000000078       0x34 /home/jules/.platformio/packages/toolchain-gccarmnoneeabi/bin/../lib/gcc/arm-none-eabi/7.2.1/thumb/v7e-m/libgcc.a(_udivmoddi4.o)
